target DH-HMAC-CHAP: hash 0x01, secret 32 bytes, dhgroup 1
=== F5 TARGET on 192.168.100.2:4420 (waiting for a foreign host: nvme-cli, or F5 -initiator)
    controllers this run will serve: unlimited
    subnqn 'nqn.2024-01.local.rdma:windows-nd'
  adapter: maxRegistration=17592186044415 MiB maxWindow=17592186044415 MiB maxTransfer=1024 MiB
    [key] raw=0x00020168 wire=0x68010200 published=0x68010200 (swapped)
  nsfile: 'D:\nvmeof\ns48.img' loaded, 98304 blocks x 512 B = 48 MiB (namespace nsze=98304)
[listener armed] 192.168.100.2:4420 is accepting connections
  [conn] controller 1 private data: hr=0x00000000 len=56 recfmt=0 qid=0 hrqsize=32 hsqsize=31
  [conn] 32 admin capsule receives armed
  [conn] accepted; advertised crqsize=32
  [conn] GetReadLimits failed
  [wire]  op=0x7F cid=0 fctype=0x01 sgl(byte39)=0x4F type=0x04 keyed=1 addr=0xFFFF8E1D39F75400 len=1024 key=0x0004FBEB
  [wire]   00: 7F 40 00 00 01 00 00 00  00 00 00 00 00 00 00 00
  [wire]   16: 00 00 00 00 00 00 00 00  00 54 F7 39 1D 8E FF FF
  [wire]   32: 00 04 00 EB FB 04 00 4F  00 00 00 00 1F 00 00 00
  [wire]   48: 88 13 00 00 00 00 00 00  00 00 00 00 00 00 00 00
  [admin] fabrics Connect qid=0 sqsize=31 kato=5000
        connect data: RDMA Read posted (addr=0xFFFF8E1D39F75400 key=0x0004FBEB len=1024)
  [data]  completion for the transfer: status=0x00000000 ND_SUCCESS bytes=1024
        hostnqn='nqn.2014-08.org.nvmexpress:uuid:e9924114-11e2-0540-a055-4768acb5c38f'
        subsysnqn='nqn.2024-01.local.rdma:windows-nd'
        authentication required: ATR set (result=0x20001), key hash=0x01 dhgroup=1
  [wire]  op=0x7F cid=26 fctype=0x05 sgl(byte39)=0x4F type=0x04 keyed=1 addr=0xFFFF8E1E05433000 len=72 key=0x0004FBEC
  [wire]   00: 7F 40 1A 00 05 00 00 00  00 00 00 00 00 00 00 00
  [wire]   16: 00 00 00 00 00 00 00 00  00 30 43 05 1E 8E FF FF
  [wire]   32: 48 00 00 EC FB 04 00 4F  00 01 01 E9 48 00 00 00
  [wire]   48: 00 00 00 00 00 00 00 00  00 00 00 00 00 00 00 00
  [data]  completion for the transfer: status=0x00000000 ND_SUCCESS bytes=72
  [auth] Auth Send: 72 bytes in, auth_type=0x00 auth_id=0x00 (step=0)
  [wire]  op=0x7F cid=27 fctype=0x06 sgl(byte39)=0x4F type=0x04 keyed=1 addr=0xFFFF8E1E0B645000 len=4096 key=0x0004FBED
  [wire]   00: 7F 40 1B 00 06 00 00 00  00 00 00 00 00 00 00 00
  [wire]   16: 00 00 00 00 00 00 00 00  00 50 64 0B 1E 8E FF FF
  [wire]   32: 00 10 00 ED FB 04 00 4F  00 01 01 E9 00 10 00 00
  [wire]   48: 00 00 00 00 00 00 00 00  00 00 00 00 00 00 00 00
  [auth] Auth Receive: al=4096, answering 4096 bytes (auth_type=0x01 auth_id=0x01)
  [data]  Auth Receive: 0x00000000 ND_SUCCESS, 4096 bytes asked for
  [wire]  op=0x7F cid=14 fctype=0x05 sgl(byte39)=0x4F type=0x04 keyed=1 addr=0xFFFF8E1E0C3A9000 len=336 key=0x0004FBEE
  [wire]   00: 7F 40 0E 00 05 00 00 00  00 00 00 00 00 00 00 00
  [wire]   16: 00 00 00 00 00 00 00 00  00 90 3A 0C 1E 8E FF FF
  [wire]   32: 50 01 00 EE FB 04 00 4F  00 01 01 E9 50 01 00 00
  [wire]   48: 00 00 00 00 00 00 00 00  00 00 00 00 00 00 00 00
  [data]  completion for the transfer: status=0x00000000 ND_SUCCESS bytes=336
  [auth] Auth Send: 336 bytes in, auth_type=0x01 auth_id=0x02 (step=1)
  [wire]  op=0x7F cid=15 fctype=0x06 sgl(byte39)=0x4F type=0x04 keyed=1 addr=0xFFFF8E1E0B645000 len=4096 key=0x0004FBEF
  [wire]   00: 7F 40 0F 00 06 00 00 00  00 00 00 00 00 00 00 00
  [wire]   16: 00 00 00 00 00 00 00 00  00 50 64 0B 1E 8E FF FF
  [wire]   32: 00 10 00 EF FB 04 00 4F  00 01 01 E9 00 10 00 00
  [wire]   48: 00 00 00 00 00 00 00 00  00 00 00 00 00 00 00 00
  [auth] Auth Receive: al=4096, answering 4096 bytes (auth_type=0x01 auth_id=0x03)
  [data]  Auth Receive: 0x00000000 ND_SUCCESS, 4096 bytes asked for
  [wire]  op=0x7F cid=1 fctype=0x04 sgl(byte39)=0x40 type=0x04 keyed=1 addr=0x0 len=0 key=0x00000000
  [wire]   00: 7F 40 01 00 04 00 00 00  00 00 00 00 00 00 00 00
  [wire]   16: 00 00 00 00 00 00 00 00  00 00 00 00 00 00 00 00
  [wire]   32: 00 00 00 00 00 00 00 40  01 00 00 00 00 00 00 00
  [wire]   48: 00 00 00 00 00 00 00 00  00 00 00 00 00 00 00 00
  [admin] Property Get off=0x0 -> 0x201E01001F
  [wire]  op=0x7F cid=4096 fctype=0x00 sgl(byte39)=0x40 type=0x04 keyed=1 addr=0x0 len=0 key=0x00000000
  [wire]   00: 7F 40 00 10 00 00 00 00  00 00 00 00 00 00 00 00
  [wire]   16: 00 00 00 00 00 00 00 00  00 00 00 00 00 00 00 00
  [wire]   32: 00 00 00 00 00 00 00 40  00 00 00 00 14 00 00 00
  [wire]   48: 00 00 46 00 00 00 00 00  00 00 00 00 00 00 00 00
  [admin] Property Set off=0x14 val=0x460000
  [wire]  op=0x7F cid=4097 fctype=0x04 sgl(byte39)=0x40 type=0x04 keyed=1 addr=0x0 len=0 key=0x00000000
  [wire]   00: 7F 40 01 10 04 00 00 00  00 00 00 00 00 00 00 00
  [wire]   16: 00 00 00 00 00 00 00 00  00 00 00 00 00 00 00 00
  [wire]   32: 00 00 00 00 00 00 00 40  01 00 00 00 00 00 00 00
  [wire]   48: 00 00 00 00 00 00 00 00  00 00 00 00 00 00 00 00
  [admin] Property Get off=0x0 -> 0x201E01001F
  [wire]  op=0x7F cid=8192 fctype=0x00 sgl(byte39)=0x40 type=0x04 keyed=1 addr=0x0 len=0 key=0x00000000
  [wire]   00: 7F 40 00 20 00 00 00 00  00 00 00 00 00 00 00 00
  [wire]   16: 00 00 00 00 00 00 00 00  00 00 00 00 00 00 00 00
  [wire]   32: 00 00 00 00 00 00 00 40  00 00 00 00 14 00 00 00
  [wire]   48: 01 00 46 00 00 00 00 00  00 00 00 00 00 00 00 00
  [admin] Property Set off=0x14 val=0x460001
  [wire]  op=0x7F cid=8193 fctype=0x04 sgl(byte39)=0x40 type=0x04 keyed=1 addr=0x0 len=0 key=0x00000000
  [wire]   00: 7F 40 01 20 04 00 00 00  00 00 00 00 00 00 00 00
  [wire]   16: 00 00 00 00 00 00 00 00  00 00 00 00 00 00 00 00
  [wire]   32: 00 00 00 00 00 00 00 40  00 00 00 00 1C 00 00 00
  [wire]   48: 00 00 00 00 00 00 00 00  00 00 00 00 00 00 00 00
  [admin] Property Get off=0x1C -> 0x1
  [wire]  op=0x7F cid=12288 fctype=0x04 sgl(byte39)=0x40 type=0x04 keyed=1 addr=0x0 len=0 key=0x00000000
  [wire]   00: 7F 40 00 30 04 00 00 00  00 00 00 00 00 00 00 00
  [wire]   16: 00 00 00 00 00 00 00 00  00 00 00 00 00 00 00 00
  [wire]   32: 00 00 00 00 00 00 00 40  00 00 00 00 08 00 00 00
  [wire]   48: 00 00 00 00 00 00 00 00  00 00 00 00 00 00 00 00
  [admin] Property Get off=0x8 -> 0x10400
  [wire]  op=0x06 cid=16 fctype=0x00 sgl(byte39)=0x4F type=0x04 keyed=1 addr=0xFFFF8E1C7F865000 len=4096 key=0x0004FBF0
  [wire]   00: 06 40 10 00 00 00 00 00  00 00 00 00 00 00 00 00
  [wire]   16: 00 00 00 00 00 00 00 00  00 50 86 7F 1C 8E FF FF
  [wire]   32: 00 10 00 F0 FB 04 00 4F  01 00 00 00 00 00 00 00
  [wire]   48: 00 00 00 00 00 00 00 00  00 00 00 00 00 00 00 00
  [admin] Identify cns=1 nsid=0
  [ok]   Identify VWC=1, which matches the file-backed namespace
  [data]  Identify: 0x00000000 ND_SUCCESS, 4096 bytes asked for
  [wire]  op=0x02 cid=17 fctype=0xFF sgl(byte39)=0x4F type=0x04 keyed=1 addr=0xFFFF8E1E001E3200 len=512 key=0x0004FBF1
  [wire]   00: 02 40 11 00 FF FF FF FF  00 00 00 00 00 00 00 00
  [wire]   16: 00 00 00 00 00 00 00 00  00 32 1E 00 1E 8E FF FF
  [wire]   32: 00 02 00 F1 FB 04 00 4F  02 00 7F 00 00 00 00 00
  [wire]   48: 00 00 00 00 00 00 00 00  00 00 00 00 00 00 00 00
  [admin] Get Log Page lid=2 numd=127 -> 512 bytes at offset 0 (zero-filled)
  [data]  completion for the transfer: status=0x00000000 ND_SUCCESS bytes=392
  [wire]  op=0x09 cid=4110 fctype=0x00 sgl(byte39)=0x40 type=0x04 keyed=1 addr=0x0 len=0 key=0x00000000
  [wire]   00: 09 40 0E 10 00 00 00 00  00 00 00 00 00 00 00 00
  [wire]   16: 00 00 00 00 00 00 00 00  00 00 00 00 00 00 00 00
  [wire]   32: 00 00 00 00 00 00 00 40  07 00 00 00 07 00 07 00
  [wire]   48: 00 00 00 00 00 00 00 00  00 00 00 00 00 00 00 00
  [admin] Set Number of Queues -> 8
  [conn] I/O 1 private data: len=56 recfmt=0 qid=1 cntlid=1
  [conn] I/O queue 1 connected (1 of 8 granted)
  [conn] I/O 2 private data: len=56 recfmt=0 qid=2 cntlid=1
  [conn] I/O queue 2 connected (2 of 8 granted)
  [conn] I/O 3 private data: len=56 recfmt=0 qid=3 cntlid=1
  [conn] I/O queue 3 connected (3 of 8 granted)
  [conn] I/O 4 private data: len=56 recfmt=0 qid=4 cntlid=1
  [conn] I/O queue 4 connected (4 of 8 granted)
  [conn] I/O 5 private data: len=56 recfmt=0 qid=5 cntlid=1
  [conn] I/O queue 5 connected (5 of 8 granted)
  [conn] I/O 6 private data: len=56 recfmt=0 qid=6 cntlid=1
  [conn] I/O queue 6 connected (6 of 8 granted)
  [conn] I/O 7 private data: len=56 recfmt=0 qid=7 cntlid=1
  [conn] I/O queue 7 connected (7 of 8 granted)
  [conn] I/O 8 private data: len=56 recfmt=0 qid=8 cntlid=1
  [conn] I/O queue 8 connected (8 of 8 granted)
  [io]    q1 fabrics Connect (fctype=0x01 qid=1)
  [io]    q2 fabrics Connect (fctype=0x01 qid=2)
  [io]    q3 fabrics Connect (fctype=0x01 qid=3)
  [io]    q4 fabrics Connect (fctype=0x01 qid=4)
  [io]    q5 fabrics Connect (fctype=0x01 qid=5)
  [io]    q6 fabrics Connect (fctype=0x01 qid=6)
  [io]    q7 fabrics Connect (fctype=0x01 qid=7)
  [io]    q8 fabrics Connect (fctype=0x01 qid=8)
  [wire]  op=0x06 cid=4111 fctype=0x00 sgl(byte39)=0x4F type=0x04 keyed=1 addr=0xFFFF8E1C99362000 len=4096 key=0x0004FBF2
  [wire]   00: 06 40 0F 10 00 00 00 00  00 00 00 00 00 00 00 00
  [wire]   16: 00 00 00 00 00 00 00 00  00 20 36 99 1C 8E FF FF
  [wire]   32: 00 10 00 F2 FB 04 00 4F  06 00 00 00 00 00 00 00
  [wire]   48: 00 00 00 00 00 00 00 00  00 00 00 00 00 00 00 00
  [admin] Identify cns=6 nsid=0
  [admin] slot 15 arrived during a data transfer; queued
  [data]  Identify: 0x00000000 ND_SUCCESS, 4096 bytes asked for
  [wire]  op=0x06 cid=28 fctype=0x00 sgl(byte39)=0x4F type=0x04 keyed=1 addr=0xFFFF8E1CC530E000 len=4096 key=0x0004FC8F
  [wire]   00: 06 40 1C 00 00 00 00 00  00 00 00 00 00 00 00 00
  [wire]   16: 00 00 00 00 00 00 00 00  00 E0 30 C5 1C 8E FF FF
  [wire]   32: 00 10 00 8F FC 04 00 4F  01 00 00 00 00 00 00 00
  [wire]   48: 00 00 00 00 00 00 00 00  00 00 00 00 00 00 00 00
  [admin] Identify cns=1 nsid=0
  [ok]   Identify VWC=1, which matches the file-backed namespace
  [admin] slot 16 arrived during a data transfer; queued
  [data]  Identify: 0x00000000 ND_SUCCESS, 4096 bytes asked for
  [wire]  op=0x06 cid=4112 fctype=0x00 sgl(byte39)=0x4F type=0x04 keyed=1 addr=0xFFFF8E1C99362000 len=4096 key=0x0004FBF3
  [wire]   00: 06 40 10 10 00 00 00 00  00 00 00 00 00 00 00 00
  [wire]   16: 00 00 00 00 00 00 00 00  00 20 36 99 1C 8E FF FF
  [wire]   32: 00 10 00 F3 FB 04 00 4F  02 00 00 00 00 00 00 00
  [wire]   48: 00 00 00 00 00 00 00 00  00 00 00 00 00 00 00 00
  [admin] Identify cns=2 nsid=0
  [admin] slot 17 arrived during a data transfer; queued
  [data]  Identify: 0x00000000 ND_SUCCESS, 4096 bytes asked for
  [wire]  op=0x06 cid=6 fctype=0x00 sgl(byte39)=0x4F type=0x04 keyed=1 addr=0xFFFF8E1C6F5E8000 len=4096 key=0x0004FC90
  [wire]   00: 06 40 06 00 00 00 00 00  00 00 00 00 00 00 00 00
  [wire]   16: 00 00 00 00 00 00 00 00  00 80 5E 6F 1C 8E FF FF
  [wire]   32: 00 10 00 90 FC 04 00 4F  01 00 00 00 00 00 00 00
  [wire]   48: 00 00 00 00 00 00 00 00  00 00 00 00 00 00 00 00
  [admin] Identify cns=1 nsid=0
  [ok]   Identify VWC=1, which matches the file-backed namespace
  [admin] slot 18 arrived during a data transfer; queued
  [data]  Identify: 0x00000000 ND_SUCCESS, 4096 bytes asked for
  [wire]  op=0x06 cid=4113 fctype=0x01 sgl(byte39)=0x4F type=0x04 keyed=1 addr=0xFFFF8E1C7F865000 len=4096 key=0x0004FBF4
  [wire]   00: 06 40 11 10 01 00 00 00  00 00 00 00 00 00 00 00
  [wire]   16: 00 00 00 00 00 00 00 00  00 50 86 7F 1C 8E FF FF
  [wire]   32: 00 10 00 F4 FB 04 00 4F  03 00 00 00 00 00 00 00
  [wire]   48: 00 00 00 00 00 00 00 00  00 00 00 00 00 00 00 00
  [admin] Identify cns=3 nsid=1
  [admin] slot 19 arrived during a data transfer; queued
  [data]  Identify: 0x00000000 ND_SUCCESS, 4096 bytes asked for
  [wire]  op=0x02 cid=7 fctype=0xFF sgl(byte39)=0x4F type=0x04 keyed=1 addr=0xFFFF8E1C6F5F8000 len=512 key=0x0004FC91
  [wire]   00: 02 40 07 00 FF FF FF FF  00 00 00 00 00 00 00 00
  [wire]   16: 00 00 00 00 00 00 00 00  00 80 5F 6F 1C 8E FF FF
  [wire]   32: 00 02 00 91 FC 04 00 4F  02 00 7F 00 00 00 00 00
  [wire]   48: 00 00 00 00 00 00 00 00  00 00 00 00 00 00 00 00
  [admin] Get Log Page lid=2 numd=127 -> 512 bytes at offset 0 (zero-filled)
  [admin] slot 20 arrived during a data transfer; queued
  [data]  completion for the transfer: status=0x00000000 ND_SUCCESS bytes=9
  [wire]  op=0x06 cid=8206 fctype=0x01 sgl(byte39)=0x4F type=0x04 keyed=1 addr=0xFFFF8E1C7F865000 len=4096 key=0x0004FBF5
  [wire]   00: 06 40 0E 20 01 00 00 00  00 00 00 00 00 00 00 00
  [wire]   16: 00 00 00 00 00 00 00 00  00 50 86 7F 1C 8E FF FF
  [wire]   32: 00 10 00 F5 FB 04 00 4F  00 00 00 00 00 00 00 00
  [wire]   48: 00 00 00 00 00 00 00 00  00 00 00 00 00 00 00 00
  [admin] Identify cns=0 nsid=1
  [data]  Identify: 0x00000000 ND_SUCCESS, 4096 bytes asked for
  [wire]  op=0x06 cid=8207 fctype=0x01 sgl(byte39)=0x4F type=0x04 keyed=1 addr=0xFFFF8E1C7F865000 len=4096 key=0x0004FBF6
  [wire]   00: 06 40 0F 20 01 00 00 00  00 00 00 00 00 00 00 00
  [wire]   16: 00 00 00 00 00 00 00 00  00 50 86 7F 1C 8E FF FF
  [wire]   32: 00 10 00 F6 FB 04 00 4F  00 00 00 00 00 00 00 00
  [wire]   48: 00 00 00 00 00 00 00 00  00 00 00 00 00 00 00 00
  [admin] Identify cns=0 nsid=1
  [data]  Identify: 0x00000000 ND_SUCCESS, 4096 bytes asked for
  [wire]  op=0x06 cid=2 fctype=0x01 sgl(byte39)=0x4F type=0x04 keyed=1 addr=0xFFFF8E1CC530E000 len=4096 key=0x0004FBF7
  [wire]   00: 06 40 02 00 01 00 00 00  00 00 00 00 00 00 00 00
  [wire]   16: 00 00 00 00 00 00 00 00  00 E0 30 C5 1C 8E FF FF
  [wire]   32: 00 10 00 F7 FB 04 00 4F  00 00 00 00 00 00 00 00
  [wire]   48: 00 00 00 00 00 00 00 00  00 00 00 00 00 00 00 00
  [admin] Identify cns=0 nsid=1
  [data]  Identify: 0x00000000 ND_SUCCESS, 4096 bytes asked for
  [wire]  op=0x06 cid=3 fctype=0x00 sgl(byte39)=0x4F type=0x04 keyed=1 addr=0xFFFF8E1D4C9E4000 len=4096 key=0x0004FBF8
  [wire]   00: 06 40 03 00 00 00 00 00  00 00 00 00 00 00 00 00
  [wire]   16: 00 00 00 00 00 00 00 00  00 40 9E 4C 1D 8E FF FF
  [wire]   32: 00 10 00 F8 FB 04 00 4F  01 00 00 00 00 00 00 00
  [wire]   48: 00 00 00 00 00 00 00 00  00 00 00 00 00 00 00 00
  [admin] Identify cns=1 nsid=0
  [ok]   Identify VWC=1, which matches the file-backed namespace
  [data]  Identify: 0x00000000 ND_SUCCESS, 4096 bytes asked for
  [wire]  op=0x06 cid=4 fctype=0x01 sgl(byte39)=0x4F type=0x04 keyed=1 addr=0xFFFF8E1D0EFA9000 len=4096 key=0x0004FBF9
  [wire]   00: 06 40 04 00 01 00 00 00  00 00 00 00 00 00 00 00
  [wire]   16: 00 00 00 00 00 00 00 00  00 90 FA 0E 1D 8E FF FF
  [wire]   32: 00 10 00 F9 FB 04 00 4F  03 00 00 00 00 00 00 00
  [wire]   48: 00 00 00 00 00 00 00 00  00 00 00 00 00 00 00 00
  [admin] Identify cns=3 nsid=1
  [data]  Identify: 0x00000000 ND_SUCCESS, 4096 bytes asked for
  [wire]  op=0x06 cid=5 fctype=0x01 sgl(byte39)=0x4F type=0x04 keyed=1 addr=0xFFFF8E1BCBCCF000 len=4096 key=0x0004FBFA
  [wire]   00: 06 40 05 00 01 00 00 00  00 00 00 00 00 00 00 00
  [wire]   16: 00 00 00 00 00 00 00 00  00 F0 CC CB 1B 8E FF FF
  [wire]   32: 00 10 00 FA FB 04 00 4F  00 00 00 00 00 00 00 00
  [wire]   48: 00 00 00 00 00 00 00 00  00 00 00 00 00 00 00 00
  [admin] Identify cns=0 nsid=1
  [data]  Identify: 0x00000000 ND_SUCCESS, 4096 bytes asked for
  [wire]  op=0x06 cid=8208 fctype=0x01 sgl(byte39)=0x4F type=0x04 keyed=1 addr=0xFFFF8E1BF3BC8000 len=4096 key=0x0004FBFB
  [wire]   00: 06 40 10 20 01 00 00 00  00 00 00 00 00 00 00 00
  [wire]   16: 00 00 00 00 00 00 00 00  00 80 BC F3 1B 8E FF FF
  [wire]   32: 00 10 00 FB FB 04 00 4F  00 00 00 00 00 00 00 00
  [wire]   48: 00 00 00 00 00 00 00 00  00 00 00 00 00 00 00 00
  [admin] Identify cns=0 nsid=1
  [data]  Identify: 0x00000000 ND_SUCCESS, 4096 bytes asked for
  [wire]  op=0x06 cid=8209 fctype=0x01 sgl(byte39)=0x4F type=0x04 keyed=1 addr=0xFFFF8E1C2F465000 len=4096 key=0x0004FBFC
  [wire]   00: 06 40 11 20 01 00 00 00  00 00 00 00 00 00 00 00
  [wire]   16: 00 00 00 00 00 00 00 00  00 50 46 2F 1C 8E FF FF
  [wire]   32: 00 10 00 FC FB 04 00 4F  05 00 00 00 00 00 00 00
  [wire]   48: 00 00 00 00 00 00 00 00  00 00 00 00 00 00 00 00
  [admin] Identify cns=5 nsid=1
  [data]  Identify: 0x00000000 ND_SUCCESS, 4096 bytes asked for
  [io]    q7 FLUSH -> 98304 blocks written to D:\nvmeof\ns48.img
  [wire]  op=0x18 cid=12289 fctype=0x00 sgl(byte39)=0x40 type=0x04 keyed=1 addr=0x0 len=0 key=0x00000000
  [wire]   00: 18 40 01 30 00 00 00 00  00 00 00 00 00 00 00 00
  [wire]   16: 00 00 00 00 00 00 00 00  00 00 00 00 00 00 00 00
  [wire]   32: 00 00 00 00 00 00 00 40  00 00 00 00 00 00 00 00
  [wire]   48: 00 00 00 00 00 00 00 00  00 00 00 00 00 00 00 00
  [admin] Keep Alive #1 (kato=5000 ms)
  [wire]  op=0x06 cid=4098 fctype=0x01 sgl(byte39)=0x4F type=0x04 keyed=1 addr=0xFFFF8E1CECFA0000 len=4096 key=0x0004FBFD
  [wire]   00: 06 40 02 10 01 00 00 00  00 00 00 00 00 00 00 00
  [wire]   16: 00 00 00 00 00 00 00 00  00 00 FA EC 1C 8E FF FF
  [wire]   32: 00 10 00 FD FB 04 00 4F  00 00 00 00 00 00 00 00
  [wire]   48: 00 00 00 00 00 00 00 00  00 00 00 00 00 00 00 00
  [admin] Identify cns=0 nsid=1
  [data]  Identify: 0x00000000 ND_SUCCESS, 4096 bytes asked for
  [wire]  op=0x06 cid=4099 fctype=0x01 sgl(byte39)=0x4F type=0x04 keyed=1 addr=0xFFFF8E1D5CD2E000 len=4096 key=0x0004FBFE
  [wire]   00: 06 40 03 10 01 00 00 00  00 00 00 00 00 00 00 00
  [wire]   16: 00 00 00 00 00 00 00 00  00 E0 D2 5C 1D 8E FF FF
  [wire]   32: 00 10 00 FE FB 04 00 4F  05 00 00 00 00 00 00 00
  [wire]   48: 00 00 00 00 00 00 00 00  00 00 00 00 00 00 00 00
  [admin] Identify cns=5 nsid=1
  [data]  Identify: 0x00000000 ND_SUCCESS, 4096 bytes asked for
  [io] q1 slot 1: ND_CANCELED; that queue pair is dead
  [io] q2 slot 1: ND_CANCELED; that queue pair is dead
  [io] q3 slot 1: ND_CANCELED; that queue pair is dead
  [io] q4 slot 2: ND_CANCELED; that queue pair is dead
  [io] q5 slot 1: ND_CANCELED; that queue pair is dead
  [io] q6 slot 1: ND_CANCELED; that queue pair is dead
  [io] q7 slot 3: ND_CANCELED; that queue pair is dead
  [io] q8 slot 29: ND_CANCELED; that queue pair is dead
  [wire]  op=0x7F cid=16384 fctype=0x00 sgl(byte39)=0x40 type=0x04 keyed=1 addr=0x0 len=0 key=0x00000000
  [wire]   00: 7F 40 00 40 00 00 00 00  00 00 00 00 00 00 00 00
  [wire]   16: 00 00 00 00 00 00 00 00  00 00 00 00 00 00 00 00
  [wire]   32: 00 00 00 00 00 00 00 40  00 00 00 00 14 00 00 00
  [wire]   48: 01 40 46 00 00 00 00 00  00 00 00 00 00 00 00 00
  [admin] Property Set off=0x14 val=0x464001
        shutdown notification requested (CC.SHN=1) -> CSTS.SHST=complete
  [wire]  op=0x7F cid=16385 fctype=0x04 sgl(byte39)=0x40 type=0x04 keyed=1 addr=0x0 len=0 key=0x00000000
  [wire]   00: 7F 40 01 40 04 00 00 00  00 00 00 00 00 00 00 00
  [wire]   16: 00 00 00 00 00 00 00 00  00 00 00 00 00 00 00 00
  [wire]   32: 00 00 00 00 00 00 00 40  00 00 00 00 1C 00 00 00
  [wire]   48: 00 00 00 00 00 00 00 00  00 00 00 00 00 00 00 00
  [admin] Property Get off=0x1C -> 0x9
  [admin] slot 1: ND_CANCELED; queue pair declared dead
  all queue pairs returned ND_CANCELED; the host has gone

controller 1 summary: connects=1 discovery=0 ioQueuesGranted=8 ioQueuesConnected=8 ioCommands=30 written=65536 read=405504 discLogReads=0 zeroes=0 dsm=0 zeroed=0 unknownAdmin=0 unknownIo=0
target io per queue: q1=0 q2=0 q3=0 q4=1 q5=0 q6=0 q7=2 q8=28
[listener armed] 192.168.100.2:4420 is accepting connections
  [conn] controller 2 private data: hr=0x00000000 len=56 recfmt=0 qid=0 hrqsize=32 hsqsize=31
  [conn] 32 admin capsule receives armed
  [conn] accepted; advertised crqsize=32
  [conn] GetReadLimits failed
  [wire]  op=0x7F cid=0 fctype=0x01 sgl(byte39)=0x4F type=0x04 keyed=1 addr=0xFFFF8E1BFCAB7000 len=1024 key=0x00061C77
  [wire]   00: 7F 40 00 00 01 00 00 00  00 00 00 00 00 00 00 00
  [wire]   16: 00 00 00 00 00 00 00 00  00 70 AB FC 1B 8E FF FF
  [wire]   32: 00 04 00 77 1C 06 00 4F  00 00 00 00 1F 00 00 00
  [wire]   48: 88 13 00 00 00 00 00 00  00 00 00 00 00 00 00 00
  [admin] fabrics Connect qid=0 sqsize=31 kato=5000
        connect data: RDMA Read posted (addr=0xFFFF8E1BFCAB7000 key=0x00061C77 len=1024)
  [data]  completion for the transfer: status=0x00000000 ND_SUCCESS bytes=1024
        hostnqn='nqn.2014-08.org.nvmexpress:uuid:e9924114-11e2-0540-a055-4768acb5c38f'
        subsysnqn='nqn.2024-01.local.rdma:windows-nd'
        authentication required: ATR set (result=0x20001), key hash=0x01 dhgroup=1
  [wire]  op=0x7F cid=26 fctype=0x05 sgl(byte39)=0x4F type=0x04 keyed=1 addr=0xFFFF8E1E05710000 len=72 key=0x00061C78
  [wire]   00: 7F 40 1A 00 05 00 00 00  00 00 00 00 00 00 00 00
  [wire]   16: 00 00 00 00 00 00 00 00  00 00 71 05 1E 8E FF FF
  [wire]   32: 48 00 00 78 1C 06 00 4F  00 01 01 E9 48 00 00 00
  [wire]   48: 00 00 00 00 00 00 00 00  00 00 00 00 00 00 00 00
  [data]  completion for the transfer: status=0x00000000 ND_SUCCESS bytes=72
  [auth] Auth Send: 72 bytes in, auth_type=0x00 auth_id=0x00 (step=0)
  [wire]  op=0x7F cid=27 fctype=0x06 sgl(byte39)=0x4F type=0x04 keyed=1 addr=0xFFFF8E1E0E658000 len=4096 key=0x00061C79
  [wire]   00: 7F 40 1B 00 06 00 00 00  00 00 00 00 00 00 00 00
  [wire]   16: 00 00 00 00 00 00 00 00  00 80 65 0E 1E 8E FF FF
  [wire]   32: 00 10 00 79 1C 06 00 4F  00 01 01 E9 00 10 00 00
  [wire]   48: 00 00 00 00 00 00 00 00  00 00 00 00 00 00 00 00
  [auth] Auth Receive: al=4096, answering 4096 bytes (auth_type=0x01 auth_id=0x01)
  [data]  Auth Receive: 0x00000000 ND_SUCCESS, 4096 bytes asked for
  [wire]  op=0x7F cid=28 fctype=0x05 sgl(byte39)=0x4F type=0x04 keyed=1 addr=0xFFFF8E1E05589000 len=336 key=0x00061C7A
  [wire]   00: 7F 40 1C 00 05 00 00 00  00 00 00 00 00 00 00 00
  [wire]   16: 00 00 00 00 00 00 00 00  00 90 58 05 1E 8E FF FF
  [wire]   32: 50 01 00 7A 1C 06 00 4F  00 01 01 E9 50 01 00 00
  [wire]   48: 00 00 00 00 00 00 00 00  00 00 00 00 00 00 00 00
  [data]  completion for the transfer: status=0x00000000 ND_SUCCESS bytes=336
  [auth] Auth Send: 336 bytes in, auth_type=0x01 auth_id=0x02 (step=1)
  [wire]  op=0x7F cid=29 fctype=0x06 sgl(byte39)=0x4F type=0x04 keyed=1 addr=0xFFFF8E1E0E658000 len=4096 key=0x00061C7B
  [wire]   00: 7F 40 1D 00 06 00 00 00  00 00 00 00 00 00 00 00
  [wire]   16: 00 00 00 00 00 00 00 00  00 80 65 0E 1E 8E FF FF
  [wire]   32: 00 10 00 7B 1C 06 00 4F  00 01 01 E9 00 10 00 00
  [wire]   48: 00 00 00 00 00 00 00 00  00 00 00 00 00 00 00 00
  [auth] Auth Receive: al=4096, answering 4096 bytes (auth_type=0x01 auth_id=0x03)
  [data]  Auth Receive: 0x00000000 ND_SUCCESS, 4096 bytes asked for
  [wire]  op=0x7F cid=4122 fctype=0x05 sgl(byte39)=0x4F type=0x04 keyed=1 addr=0xFFFF8E1C789BB000 len=16 key=0x00061C7C
  [wire]   00: 7F 40 1A 10 05 00 00 00  00 00 00 00 00 00 00 00
  [wire]   16: 00 00 00 00 00 00 00 00  00 B0 9B 78 1C 8E FF FF
  [wire]   32: 10 00 00 7C 1C 06 00 4F  00 01 01 E9 10 00 00 00
  [wire]   48: 00 00 00 00 00 00 00 00  00 00 00 00 00 00 00 00
  [data]  completion for the transfer: status=0x00000000 ND_SUCCESS bytes=16
  [auth] Auth Send: 16 bytes in, auth_type=0x01 auth_id=0x04 (step=1)
        auth failed: Success2 arrived but no controller response was ever sent
  [wire]  op=0x7F cid=1 fctype=0x04 sgl(byte39)=0x40 type=0x04 keyed=1 addr=0x0 len=0 key=0x00000000
  [wire]   00: 7F 40 01 00 04 00 00 00  00 00 00 00 00 00 00 00
  [wire]   16: 00 00 00 00 00 00 00 00  00 00 00 00 00 00 00 00
  [wire]   32: 00 00 00 00 00 00 00 40  01 00 00 00 00 00 00 00
  [wire]   48: 00 00 00 00 00 00 00 00  00 00 00 00 00 00 00 00
  [admin] Property Get off=0x0 -> 0x201E01001F
  [wire]  op=0x7F cid=4096 fctype=0x00 sgl(byte39)=0x40 type=0x04 keyed=1 addr=0x0 len=0 key=0x00000000
  [wire]   00: 7F 40 00 10 00 00 00 00  00 00 00 00 00 00 00 00
  [wire]   16: 00 00 00 00 00 00 00 00  00 00 00 00 00 00 00 00
  [wire]   32: 00 00 00 00 00 00 00 40  00 00 00 00 14 00 00 00
  [wire]   48: 00 00 46 00 00 00 00 00  00 00 00 00 00 00 00 00
  [admin] Property Set off=0x14 val=0x460000
  [wire]  op=0x7F cid=4097 fctype=0x04 sgl(byte39)=0x40 type=0x04 keyed=1 addr=0x0 len=0 key=0x00000000
  [wire]   00: 7F 40 01 10 04 00 00 00  00 00 00 00 00 00 00 00
  [wire]   16: 00 00 00 00 00 00 00 00  00 00 00 00 00 00 00 00
  [wire]   32: 00 00 00 00 00 00 00 40  01 00 00 00 00 00 00 00
  [wire]   48: 00 00 00 00 00 00 00 00  00 00 00 00 00 00 00 00
  [admin] Property Get off=0x0 -> 0x201E01001F
  [wire]  op=0x7F cid=8192 fctype=0x00 sgl(byte39)=0x40 type=0x04 keyed=1 addr=0x0 len=0 key=0x00000000
  [wire]   00: 7F 40 00 20 00 00 00 00  00 00 00 00 00 00 00 00
  [wire]   16: 00 00 00 00 00 00 00 00  00 00 00 00 00 00 00 00
  [wire]   32: 00 00 00 00 00 00 00 40  00 00 00 00 14 00 00 00
  [wire]   48: 01 00 46 00 00 00 00 00  00 00 00 00 00 00 00 00
  [admin] Property Set off=0x14 val=0x460001
  [wire]  op=0x7F cid=8193 fctype=0x04 sgl(byte39)=0x40 type=0x04 keyed=1 addr=0x0 len=0 key=0x00000000
  [wire]   00: 7F 40 01 20 04 00 00 00  00 00 00 00 00 00 00 00
  [wire]   16: 00 00 00 00 00 00 00 00  00 00 00 00 00 00 00 00
  [wire]   32: 00 00 00 00 00 00 00 40  00 00 00 00 1C 00 00 00
  [wire]   48: 00 00 00 00 00 00 00 00  00 00 00 00 00 00 00 00
  [admin] Property Get off=0x1C -> 0x1
  [wire]  op=0x7F cid=12288 fctype=0x04 sgl(byte39)=0x40 type=0x04 keyed=1 addr=0x0 len=0 key=0x00000000
  [wire]   00: 7F 40 00 30 04 00 00 00  00 00 00 00 00 00 00 00
  [wire]   16: 00 00 00 00 00 00 00 00  00 00 00 00 00 00 00 00
  [wire]   32: 00 00 00 00 00 00 00 40  00 00 00 00 08 00 00 00
  [wire]   48: 00 00 00 00 00 00 00 00  00 00 00 00 00 00 00 00
  [admin] Property Get off=0x8 -> 0x10400
  [wire]  op=0x06 cid=4123 fctype=0x00 sgl(byte39)=0x4F type=0x04 keyed=1 addr=0xFFFF8E1BE9A44000 len=4096 key=0x00061C7D
  [wire]   00: 06 40 1B 10 00 00 00 00  00 00 00 00 00 00 00 00
  [wire]   16: 00 00 00 00 00 00 00 00  00 40 A4 E9 1B 8E FF FF
  [wire]   32: 00 10 00 7D 1C 06 00 4F  01 00 00 00 00 00 00 00
  [wire]   48: 00 00 00 00 00 00 00 00  00 00 00 00 00 00 00 00
  [admin] Identify cns=1 nsid=0
  [ok]   Identify VWC=1, which matches the file-backed namespace
  [data]  Identify: 0x00000000 ND_SUCCESS, 4096 bytes asked for
  [wire]  op=0x02 cid=4124 fctype=0xFF sgl(byte39)=0x4F type=0x04 keyed=1 addr=0xFFFF8E1BE1F25E00 len=512 key=0x00061C7E
  [wire]   00: 02 40 1C 10 FF FF FF FF  00 00 00 00 00 00 00 00
  [wire]   16: 00 00 00 00 00 00 00 00  00 5E F2 E1 1B 8E FF FF
  [wire]   32: 00 02 00 7E 1C 06 00 4F  02 00 7F 00 00 00 00 00
  [wire]   48: 00 00 00 00 00 00 00 00  00 00 00 00 00 00 00 00
  [admin] Get Log Page lid=2 numd=127 -> 512 bytes at offset 0 (zero-filled)
  [data]  completion for the transfer: status=0x00000000 ND_SUCCESS bytes=392
  [wire]  op=0x09 cid=4125 fctype=0x00 sgl(byte39)=0x40 type=0x04 keyed=1 addr=0x0 len=0 key=0x00000000
  [wire]   00: 09 40 1D 10 00 00 00 00  00 00 00 00 00 00 00 00
  [wire]   16: 00 00 00 00 00 00 00 00  00 00 00 00 00 00 00 00
  [wire]   32: 00 00 00 00 00 00 00 40  07 00 00 00 0F 00 0F 00
  [wire]   48: 00 00 00 00 00 00 00 00  00 00 00 00 00 00 00 00
  [admin] Set Number of Queues -> 8
  [conn] I/O 1 private data: len=56 recfmt=0 qid=1 cntlid=1
  [conn] I/O queue 1 connected (1 of 8 granted)
  [conn] I/O 2 private data: len=56 recfmt=0 qid=2 cntlid=1
  [conn] I/O queue 2 connected (2 of 8 granted)
  [conn] I/O 3 private data: len=56 recfmt=0 qid=3 cntlid=1
  [conn] I/O queue 3 connected (3 of 8 granted)
  [conn] I/O 4 private data: len=56 recfmt=0 qid=4 cntlid=1
  [conn] I/O queue 4 connected (4 of 8 granted)
  [conn] I/O 5 private data: len=56 recfmt=0 qid=5 cntlid=1
  [conn] I/O queue 5 connected (5 of 8 granted)
  [conn] I/O 6 private data: len=56 recfmt=0 qid=6 cntlid=1
  [conn] I/O queue 6 connected (6 of 8 granted)
  [conn] I/O 7 private data: len=56 recfmt=0 qid=7 cntlid=1
  [conn] I/O queue 7 connected (7 of 8 granted)
  [conn] I/O 8 private data: len=56 recfmt=0 qid=8 cntlid=1
  [conn] I/O queue 8 connected (8 of 8 granted)
  [io]    q1 fabrics Connect (fctype=0x01 qid=1)
  [io]    q2 fabrics Connect (fctype=0x01 qid=2)
  [io]    q3 fabrics Connect (fctype=0x01 qid=3)
  [io]    q4 fabrics Connect (fctype=0x01 qid=4)
  [io]    q5 fabrics Connect (fctype=0x01 qid=5)
  [io]    q6 fabrics Connect (fctype=0x01 qid=6)
  [io]    q7 fabrics Connect (fctype=0x01 qid=7)
  [io]    q8 fabrics Connect (fctype=0x01 qid=8)
  [wire]  op=0x06 cid=6 fctype=0x00 sgl(byte39)=0x4F type=0x04 keyed=1 addr=0xFFFF8E1C99364000 len=4096 key=0x00061C7F
  [wire]   00: 06 40 06 00 00 00 00 00  00 00 00 00 00 00 00 00
  [wire]   16: 00 00 00 00 00 00 00 00  00 40 36 99 1C 8E FF FF
  [wire]   32: 00 10 00 7F 1C 06 00 4F  06 00 00 00 00 00 00 00
  [wire]   48: 00 00 00 00 00 00 00 00  00 00 00 00 00 00 00 00
  [admin] Identify cns=6 nsid=0
  [admin] slot 16 arrived during a data transfer; queued
  [data]  Identify: 0x00000000 ND_SUCCESS, 4096 bytes asked for
  [wire]  op=0x06 cid=10 fctype=0x00 sgl(byte39)=0x4F type=0x04 keyed=1 addr=0xFFFF8E1CC530E000 len=4096 key=0x00061DA0
  [wire]   00: 06 40 0A 00 00 00 00 00  00 00 00 00 00 00 00 00
  [wire]   16: 00 00 00 00 00 00 00 00  00 E0 30 C5 1C 8E FF FF
  [wire]   32: 00 10 00 A0 1D 06 00 4F  01 00 00 00 00 00 00 00
  [wire]   48: 00 00 00 00 00 00 00 00  00 00 00 00 00 00 00 00
  [admin] Identify cns=1 nsid=0
  [ok]   Identify VWC=1, which matches the file-backed namespace
  [admin] slot 17 arrived during a data transfer; queued
  [data]  Identify: 0x00000000 ND_SUCCESS, 4096 bytes asked for
  [wire]  op=0x06 cid=7 fctype=0x00 sgl(byte39)=0x4F type=0x04 keyed=1 addr=0xFFFF8E1C99364000 len=4096 key=0x00061C80
  [wire]   00: 06 40 07 00 00 00 00 00  00 00 00 00 00 00 00 00
  [wire]   16: 00 00 00 00 00 00 00 00  00 40 36 99 1C 8E FF FF
  [wire]   32: 00 10 00 80 1C 06 00 4F  02 00 00 00 00 00 00 00
  [wire]   48: 00 00 00 00 00 00 00 00  00 00 00 00 00 00 00 00
  [admin] Identify cns=2 nsid=0
  [admin] slot 18 arrived during a data transfer; queued
  [data]  Identify: 0x00000000 ND_SUCCESS, 4096 bytes asked for
  [wire]  op=0x06 cid=14 fctype=0x00 sgl(byte39)=0x4F type=0x04 keyed=1 addr=0xFFFF8E1C6F5E8000 len=4096 key=0x00061DA1
  [wire]   00: 06 40 0E 00 00 00 00 00  00 00 00 00 00 00 00 00
  [wire]   16: 00 00 00 00 00 00 00 00  00 80 5E 6F 1C 8E FF FF
  [wire]   32: 00 10 00 A1 1D 06 00 4F  01 00 00 00 00 00 00 00
  [wire]   48: 00 00 00 00 00 00 00 00  00 00 00 00 00 00 00 00
  [admin] Identify cns=1 nsid=0
  [ok]   Identify VWC=1, which matches the file-backed namespace
  [admin] slot 19 arrived during a data transfer; queued
  [data]  Identify: 0x00000000 ND_SUCCESS, 4096 bytes asked for
  [wire]  op=0x06 cid=18 fctype=0x01 sgl(byte39)=0x4F type=0x04 keyed=1 addr=0xFFFF8E1C45F5E000 len=4096 key=0x00061C81
  [wire]   00: 06 40 12 00 01 00 00 00  00 00 00 00 00 00 00 00
  [wire]   16: 00 00 00 00 00 00 00 00  00 E0 F5 45 1C 8E FF FF
  [wire]   32: 00 10 00 81 1C 06 00 4F  03 00 00 00 00 00 00 00
  [wire]   48: 00 00 00 00 00 00 00 00  00 00 00 00 00 00 00 00
  [admin] Identify cns=3 nsid=1
  [admin] slot 20 arrived during a data transfer; queued
  [data]  Identify: 0x00000000 ND_SUCCESS, 4096 bytes asked for
  [wire]  op=0x02 cid=15 fctype=0xFF sgl(byte39)=0x4F type=0x04 keyed=1 addr=0xFFFF8E1C6F5F8000 len=512 key=0x00061DA2
  [wire]   00: 02 40 0F 00 FF FF FF FF  00 00 00 00 00 00 00 00
  [wire]   16: 00 00 00 00 00 00 00 00  00 80 5F 6F 1C 8E FF FF
  [wire]   32: 00 02 00 A2 1D 06 00 4F  02 00 7F 00 00 00 00 00
  [wire]   48: 00 00 00 00 00 00 00 00  00 00 00 00 00 00 00 00
  [admin] Get Log Page lid=2 numd=127 -> 512 bytes at offset 0 (zero-filled)
  [admin] slot 21 arrived during a data transfer; queued
  [data]  completion for the transfer: status=0x00000000 ND_SUCCESS bytes=9
  [wire]  op=0x06 cid=19 fctype=0x01 sgl(byte39)=0x4F type=0x04 keyed=1 addr=0xFFFF8E1C45F5E000 len=4096 key=0x00061C82
  [wire]   00: 06 40 13 00 01 00 00 00  00 00 00 00 00 00 00 00
  [wire]   16: 00 00 00 00 00 00 00 00  00 E0 F5 45 1C 8E FF FF
  [wire]   32: 00 10 00 82 1C 06 00 4F  00 00 00 00 00 00 00 00
  [wire]   48: 00 00 00 00 00 00 00 00  00 00 00 00 00 00 00 00
  [admin] Identify cns=0 nsid=1
  [data]  Identify: 0x00000000 ND_SUCCESS, 4096 bytes asked for
  [wire]  op=0x06 cid=20 fctype=0x01 sgl(byte39)=0x4F type=0x04 keyed=1 addr=0xFFFF8E1C45F5E000 len=4096 key=0x00061C83
  [wire]   00: 06 40 14 00 01 00 00 00  00 00 00 00 00 00 00 00
  [wire]   16: 00 00 00 00 00 00 00 00  00 E0 F5 45 1C 8E FF FF
  [wire]   32: 00 10 00 83 1C 06 00 4F  00 00 00 00 00 00 00 00
  [wire]   48: 00 00 00 00 00 00 00 00  00 00 00 00 00 00 00 00
  [admin] Identify cns=0 nsid=1
  [data]  Identify: 0x00000000 ND_SUCCESS, 4096 bytes asked for
  [wire]  op=0x06 cid=11 fctype=0x01 sgl(byte39)=0x4F type=0x04 keyed=1 addr=0xFFFF8E1CC530E000 len=4096 key=0x00061C84
  [wire]   00: 06 40 0B 00 01 00 00 00  00 00 00 00 00 00 00 00
  [wire]   16: 00 00 00 00 00 00 00 00  00 E0 30 C5 1C 8E FF FF
  [wire]   32: 00 10 00 84 1C 06 00 4F  00 00 00 00 00 00 00 00
  [wire]   48: 00 00 00 00 00 00 00 00  00 00 00 00 00 00 00 00
  [admin] Identify cns=0 nsid=1
  [data]  Identify: 0x00000000 ND_SUCCESS, 4096 bytes asked for
  [wire]  op=0x06 cid=12 fctype=0x00 sgl(byte39)=0x4F type=0x04 keyed=1 addr=0xFFFF8E1D4C9E4000 len=4096 key=0x00061C85
  [wire]   00: 06 40 0C 00 00 00 00 00  00 00 00 00 00 00 00 00
  [wire]   16: 00 00 00 00 00 00 00 00  00 40 9E 4C 1D 8E FF FF
  [wire]   32: 00 10 00 85 1C 06 00 4F  01 00 00 00 00 00 00 00
  [wire]   48: 00 00 00 00 00 00 00 00  00 00 00 00 00 00 00 00
  [admin] Identify cns=1 nsid=0
  [ok]   Identify VWC=1, which matches the file-backed namespace
  [data]  Identify: 0x00000000 ND_SUCCESS, 4096 bytes asked for
  [wire]  op=0x06 cid=13 fctype=0x01 sgl(byte39)=0x4F type=0x04 keyed=1 addr=0xFFFF8E1D0EFA9000 len=4096 key=0x00061C86
  [wire]   00: 06 40 0D 00 01 00 00 00  00 00 00 00 00 00 00 00
  [wire]   16: 00 00 00 00 00 00 00 00  00 90 FA 0E 1D 8E FF FF
  [wire]   32: 00 10 00 86 1C 06 00 4F  03 00 00 00 00 00 00 00
  [wire]   48: 00 00 00 00 00 00 00 00  00 00 00 00 00 00 00 00
  [admin] Identify cns=3 nsid=1
  [data]  Identify: 0x00000000 ND_SUCCESS, 4096 bytes asked for
  [wire]  op=0x06 cid=21 fctype=0x01 sgl(byte39)=0x4F type=0x04 keyed=1 addr=0xFFFF8E1C45F5E000 len=4096 key=0x00061C87
  [wire]   00: 06 40 15 00 01 00 00 00  00 00 00 00 00 00 00 00
  [wire]   16: 00 00 00 00 00 00 00 00  00 E0 F5 45 1C 8E FF FF
  [wire]   32: 00 10 00 87 1C 06 00 4F  00 00 00 00 00 00 00 00
  [wire]   48: 00 00 00 00 00 00 00 00  00 00 00 00 00 00 00 00
  [admin] Identify cns=0 nsid=1
  [data]  Identify: 0x00000000 ND_SUCCESS, 4096 bytes asked for
  [wire]  op=0x06 cid=8218 fctype=0x01 sgl(byte39)=0x4F type=0x04 keyed=1 addr=0xFFFF8E1C0DE46000 len=4096 key=0x00061C88
  [wire]   00: 06 40 1A 20 01 00 00 00  00 00 00 00 00 00 00 00
  [wire]   16: 00 00 00 00 00 00 00 00  00 60 E4 0D 1C 8E FF FF
  [wire]   32: 00 10 00 88 1C 06 00 4F  00 00 00 00 00 00 00 00
  [wire]   48: 00 00 00 00 00 00 00 00  00 00 00 00 00 00 00 00
  [admin] Identify cns=0 nsid=1
  [data]  Identify: 0x00000000 ND_SUCCESS, 4096 bytes asked for
  [wire]  op=0x06 cid=8219 fctype=0x01 sgl(byte39)=0x4F type=0x04 keyed=1 addr=0xFFFF8E1CF3C8F000 len=4096 key=0x00061C89
  [wire]   00: 06 40 1B 20 01 00 00 00  00 00 00 00 00 00 00 00
  [wire]   16: 00 00 00 00 00 00 00 00  00 F0 C8 F3 1C 8E FF FF
  [wire]   32: 00 10 00 89 1C 06 00 4F  05 00 00 00 00 00 00 00
  [wire]   48: 00 00 00 00 00 00 00 00  00 00 00 00 00 00 00 00
  [admin] Identify cns=5 nsid=1
  [data]  Identify: 0x00000000 ND_SUCCESS, 4096 bytes asked for
  [wire]  op=0x18 cid=12289 fctype=0x00 sgl(byte39)=0x40 type=0x04 keyed=1 addr=0x0 len=0 key=0x00000000
  [wire]   00: 18 40 01 30 00 00 00 00  00 00 00 00 00 00 00 00
  [wire]   16: 00 00 00 00 00 00 00 00  00 00 00 00 00 00 00 00
  [wire]   32: 00 00 00 00 00 00 00 40  00 00 00 00 00 00 00 00
  [wire]   48: 00 00 00 00 00 00 00 00  00 00 00 00 00 00 00 00
  [admin] Keep Alive #1 (kato=5000 ms)
  [io] q1 slot 1: ND_CANCELED; that queue pair is dead
  [io] q2 slot 28: ND_CANCELED; that queue pair is dead
  [io] q3 slot 1: ND_CANCELED; that queue pair is dead
  [io] q4 slot 2: ND_CANCELED; that queue pair is dead
  [io] q5 slot 1: ND_CANCELED; that queue pair is dead
  [io] q6 slot 1: ND_CANCELED; that queue pair is dead
  [io] q7 slot 2: ND_CANCELED; that queue pair is dead
  [io] q8 slot 1: ND_CANCELED; that queue pair is dead
  [wire]  op=0x7F cid=16384 fctype=0x00 sgl(byte39)=0x40 type=0x04 keyed=1 addr=0x0 len=0 key=0x00000000
  [wire]   00: 7F 40 00 40 00 00 00 00  00 00 00 00 00 00 00 00
  [wire]   16: 00 00 00 00 00 00 00 00  00 00 00 00 00 00 00 00
  [wire]   32: 00 00 00 00 00 00 00 40  00 00 00 00 14 00 00 00
  [wire]   48: 01 40 46 00 00 00 00 00  00 00 00 00 00 00 00 00
  [admin] Property Set off=0x14 val=0x464001
        shutdown notification requested (CC.SHN=1) -> CSTS.SHST=complete
  [wire]  op=0x7F cid=16385 fctype=0x04 sgl(byte39)=0x40 type=0x04 keyed=1 addr=0x0 len=0 key=0x00000000
  [wire]   00: 7F 40 01 40 04 00 00 00  00 00 00 00 00 00 00 00
  [wire]   16: 00 00 00 00 00 00 00 00  00 00 00 00 00 00 00 00
  [wire]   32: 00 00 00 00 00 00 00 40  00 00 00 00 1C 00 00 00
  [wire]   48: 00 00 00 00 00 00 00 00  00 00 00 00 00 00 00 00
  [admin] Property Get off=0x1C -> 0x9
  [admin] slot 0: ND_CANCELED; queue pair declared dead
  all queue pairs returned ND_CANCELED; the host has gone

controller 2 summary: connects=1 discovery=0 ioQueuesGranted=8 ioQueuesConnected=8 ioCommands=29 written=0 read=405504 discLogReads=0 zeroes=0 dsm=0 zeroed=0 unknownAdmin=0 unknownIo=0
target io per queue: q1=0 q2=27 q3=0 q4=1 q5=0 q6=0 q7=1 q8=0
[listener armed] 192.168.100.2:4420 is accepting connections
